[dotenv@17.3.1] injecting env (1) from .env.local -- tip: ≡ƒöÉ encrypt with Dotenvx: https://dotenvx.com
Listing available models...
Available models: [
  "models/gemini-2.5-flash",
  "models/gemini-2.5-pro",
  "models/gemini-2.0-flash",
  "models/gemini-2.0-flash-001",
  "models/gemini-2.0-flash-lite-001",
  "models/gemini-2.0-flash-lite",
  "models/gemini-2.5-flash-preview-tts",
  "models/gemini-2.5-pro-preview-tts",
  "models/gemma-3-1b-it",
  "models/gemma-3-4b-it",
  "models/gemma-3-12b-it",
  "models/gemma-3-27b-it",
  "models/gemma-3n-e4b-it",
  "models/gemma-3n-e2b-it",
  "models/gemini-flash-latest",
  "models/gemini-flash-lite-latest",
  "models/gemini-pro-latest",
  "models/gemini-2.5-flash-lite",
  "models/gemini-2.5-flash-image",
  "models/gemini-2.5-flash-lite-preview-09-2025",
  "models/gemini-3-pro-preview",
  "models/gemini-3-flash-preview",
  "models/gemini-3.1-pro-preview",
  "models/gemini-3.1-pro-preview-customtools",
  "models/gemini-3.1-flash-lite-preview",
  "models/gemini-3-pro-image-preview",
  "models/nano-banana-pro-preview",
  "models/gemini-3.1-flash-image-preview",
  "models/gemini-robotics-er-1.5-preview",
  "models/gemini-2.5-computer-use-preview-10-2025",
  "models/deep-research-pro-preview-12-2025",
  "models/gemini-embedding-001",
  "models/gemini-embedding-2-preview",
  "models/aqa",
  "models/imagen-4.0-generate-001",
  "models/imagen-4.0-ultra-generate-001",
  "models/imagen-4.0-fast-generate-001",
  "models/veo-2.0-generate-001",
  "models/veo-3.0-generate-001",
  "models/veo-3.0-fast-generate-001",
  "models/veo-3.1-generate-preview",
  "models/veo-3.1-fast-generate-preview",
  "models/gemini-2.5-flash-native-audio-latest",
  "models/gemini-2.5-flash-native-audio-preview-09-2025",
  "models/gemini-2.5-flash-native-audio-preview-12-2025"
]
Testing Gemini connection...
Γ¥î Gemini error: 404 {
  "error": {
    "code": 404,
    "message": "models/gemini-1.5-flash-latest is not found for API version v1beta, or is not supported for generateContent. Call ListModels to see the list of available models and their supported methods.",
    "status": "NOT_FOUND"
  }
}

Γä╣∩╕Å OPENAI_API_KEY not found (optional fallback)
